warning: unused imports: `ComponentData`, `FieldValue`, `SceneEntityData`, `SceneMetadata`, and `SceneSerializer`
 --> engine-core\src\scene_manager.rs:2:20
  |
2 | ...::{ComponentData, FieldValue, SceneData, SceneEntityData, SceneId, SceneMetadata, SceneSerializer};
  |       ^^^^^^^^^^^^^  ^^^^^^^^^^             ^^^^^^^^^^^^^^^           ^^^^^^^^^^^^^  ^^^^^^^^^^^^^^^
  |
  = note: `#[warn(unused_imports)]` (part of `#[warn(unused)]`) on by default

warning: unused variable: `ln`
   --> engine-core\src\scene.rs:174:25
    |
174 | ...et ln = se...
    |       ^^ help: if this is intentional, prefix it with an underscore: `_ln`
    |
    = note: `#[warn(unused_variables)]` (part of `#[warn(unused)]`) on by default

warning: `engine-core` (lib) generated 2 warnings (run `cargo fix --lib -p engine-core` to apply 2 suggestions)
    Finished `test` profile [unoptimized + debuginfo] target(s) in 0.07s
     Running unittests src\lib.rs (oss-game-engine\target\debug\deps\engine_audio-ae395c718f9e666d.exe)

running 6 tests
test tests::test_audio_clip_creation ... ok
test tests::property_mixer_output_correctness ... ok
test tests::test_audio_source_creation ... ok
test tests::test_audio_engine_mixing ... ok
test tests::property_spatial_audio_attenuation_and_range_cutoff ... FAILED
test tests::property_audio_decode_round_trip ... ok

failures:

---- tests::property_spatial_audio_attenuation_and_range_cutoff stdout ----

thread 'tests::property_spatial_audio_attenuation_and_range_cutoff' (32304) panicked at engine-audio\src\lib.rs:593:17:
Source should be audible at distance 50
note: run with `RUST_BACKTRACE=1` environment variable to display a backtrace


failures:
    tests::property_spatial_audio_attenuation_and_range_cutoff

test result: FAILED. 5 passed; 1 failed; 0 ignored; 0 measured; 0 filtered out; finished in 0.00s

error: test failed, to rerun pass `--lib`
